I'm sorry, but errors were detected in your script. Please correct the
errors listed below, and try again.


File "game/script/general/opening scene.rpy", line 178: Line is followed by a block, despite not being a menu choice. Did you forget a colon at the end of the line?
    "Hell yeah!"
                ^

File "game/script/general/opening scene.rpy", line 188: Line is followed by a block, despite not being a menu choice. Did you forget a colon at the end of the line?
    "Hell yeah!"
                ^

File "game/script/general/opening scene.rpy", line 198: Line is followed by a block, despite not being a menu choice. Did you forget a colon at the end of the line?
    "Hell yeah!"
                ^

Ren'Py Version: Ren'Py 7.4.10.2178
Tue Nov 23 17:10:06 2021
